Traceback (most recent call last):
  File "/Users/rafael/uni/ngs26/.venv/lib/python3.13/site-packages/jupyter_cache/executors/utils.py", line 58, in single_nb_execution
    executenb(
    ~~~~~~~~~^
        nb,
        ^^^
    ...<4 lines>...
        **kwargs,
        ^^^^^^^^^
    )
    ^
  File "/Users/rafael/uni/ngs26/.venv/lib/python3.13/site-packages/nbclient/client.py", line 1323, in execute
    return NotebookClient(nb=nb, resources=resources, km=km, **kwargs).execute()
           ~~~~~~~~~~~~~~~~~~~~~~~~~~~~~~~~~~~~~~~~~~~~~~~~~~~~~~~~~~~~~~~~~~~^^
  File "/Users/rafael/uni/ngs26/.venv/lib/python3.13/site-packages/jupyter_core/utils/__init__.py", line 165, in wrapped
    return loop.run_until_complete(inner)
           ~~~~~~~~~~~~~~~~~~~~~~~^^^^^^^
  File "/Library/Frameworks/Python.framework/Versions/3.13/lib/python3.13/asyncio/base_events.py", line 725, in run_until_complete
    return future.result()
           ~~~~~~~~~~~~~^^
  File "/Users/rafael/uni/ngs26/.venv/lib/python3.13/site-packages/nbclient/client.py", line 709, in async_execute
    await self.async_execute_cell(
        cell, index, execution_count=self.code_cells_executed + 1
    )
  File "/Users/rafael/uni/ngs26/.venv/lib/python3.13/site-packages/nbclient/client.py", line 1062, in async_execute_cell
    await self._check_raise_for_error(cell, cell_index, exec_reply)
  File "/Users/rafael/uni/ngs26/.venv/lib/python3.13/site-packages/nbclient/client.py", line 918, in _check_raise_for_error
    raise CellExecutionError.from_cell_and_msg(cell, exec_reply_content)
nbclient.exceptions.CellExecutionError: An error occurred while executing the following cell:
------------------
import netgen.meshing as meshing
import numpy as np
from netgen.occ import *
from ngsolve.la import EigenValues_Preconditioner
from ngsolve import *
from ngsolve.bem import *
from ngsolve.webgui import Draw
from ngsolve.krylovspace import GMRes
import matplotlib.pyplot as plt
------------------


[31m---------------------------------------------------------------------------[39m
[31mModuleNotFoundError[39m                       Traceback (most recent call last)
[36mCell[39m[36m [39m[32mIn[1][39m[32m, line 9[39m
[32m      5[39m [38;5;28;01mfrom[39;00m ngsolve [38;5;28;01mimport[39;00m *
[32m      6[39m [38;5;28;01mfrom[39;00m ngsolve.bem [38;5;28;01mimport[39;00m *
[32m      7[39m [38;5;28;01mfrom[39;00m ngsolve.webgui [38;5;28;01mimport[39;00m Draw
[32m      8[39m [38;5;28;01mfrom[39;00m ngsolve.krylovspace [38;5;28;01mimport[39;00m GMRes
[32m----> [39m[32m9[39m [38;5;28;01mimport[39;00m matplotlib.pyplot [38;5;28;01mas[39;00m plt

[31mModuleNotFoundError[39m: No module named 'matplotlib'

